// Jest Snapshot v1, https://goo.gl/fbAQLP

exports[`<TwoFactor /> should render snapshot 1`] = `[Function]`;
