// Jest Snapshot v1, https://goo.gl/fbAQLP

exports[`<ForgotUsername /> should render snapshot 1`] = `[Function]`;
